vladislav@vladislav-911X:~$ export GITHUB_USERNAME=StariiShmix
vladislav@vladislav-911X:~$ export GITHUB_EMAIL=vlad_syrtsev941@mail.ru
vladislav@vladislav-911X:~$ alias edit=nano
vladislav@vladislav-911X:~$ alias gsed=sed
vladislav@vladislav-911X:~$ cd ${GITHUB_USERNAME}/workspace
vladislav@vladislav-911X:~/StariiShmix/workspace$ pushd .
~/StariiShmix/workspace ~/StariiShmix/workspace
vladislav@vladislav-911X:~/StariiShmix/workspace$ source scripts/activate
vladislav@vladislav-911X:~/StariiShmix/workspace$ git clone https://github.com/${GITHUB_USERNAME}/lab05 projects/lab06
Cloning into 'projects/lab06'...
remote: Enumerating objects: 34, done.
remote: Counting objects: 100% (34/34), done.
remote: Compressing objects: 100% (21/21), done.
remote: Total 34 (delta 8), reused 29 (delta 6), pack-reused 0 (from 0)
Receiving objects: 100% (34/34), 20.58 KiB | 540.00 KiB/s, done.
Resolving deltas: 100% (8/8), done.
vladislav@vladislav-911X:~/StariiShmix/workspace$ cd projects/lab06
vladislav@vladislav-911X:~/StariiShmix/workspace/projects/lab06$ git remote remove origin
vladislav@vladislav-911X:~/StariiShmix/workspace/projects/lab06$ git remote add origin https://github.com/${GITHUB_USERNAME}/lab06
vladislav@vladislav-911X:~/StariiShmix/workspace/projects/lab06$ gsed -i '/project(print)/a\
> set(PRINT_VERSION_STRING "v\${PRINT_VERSION}")
> ' CMakeLists.txt
vladislav@vladislav-911X:~/StariiShmix/workspace/projects/lab06$ gsed -i '/project(print)/a\
> set(PRINT_VERSION\
> \${PRINT_VERSION_MAJOR}.\${PRINT_VERSION_MINOR}.\${PRINT_VERSION_PATCH}.\${PRINT_VERSION_TWEAK})
> ' CMakeLists.txt
vladislav@vladislav-911X:~/StariiShmix/workspace/projects/lab06$ gsed -i '/project(print)/a\
> set(PRINT_VERSION_TWEAK 0)
> ' CMakeLists.txt
vladislav@vladislav-911X:~/StariiShmix/workspace/projects/lab06$ gsed -i '/project(print)/a
> set(PRINT_VERSION_PATCH 0)
> ' CMakeLists.txt
sed: -e expression #1, char 44: unterminated `s' command
vladislav@vladislav-911X:~/StariiShmix/workspace/projects/lab06$ gsed -i '/project(print)/a\
> set(PRINT_VERSION_MINOR 1)
> ' CMakeLists.txt
vladislav@vladislav-911X:~/StariiShmix/workspace/projects/lab06$ gsed -i '/project(print)/a\
> set(PRINT_VERSION_MAJOR 0)
> ' CMakeLists.txt
vladislav@vladislav-911X:~/StariiShmix/workspace/projects/lab06$ git diff
diff --git a/CMakeLists.txt b/CMakeLists.txt
index 584c252..d725179 100644
--- a/CMakeLists.txt
+++ b/CMakeLists.txt
@@ -7,6 +7,12 @@ option(BUILD_EXAMPLES "Build examples" OFF)
 option(BUILD_TESTS "Build tests" OFF)
 
 project(print)
+set(PRINT_VERSION_MAJOR 0)
+set(PRINT_VERSION_MINOR 1)
+set(PRINT_VERSION_TWEAK 0)
+set(PRINT_VERSION
+${PRINT_VERSION_MAJOR}.${PRINT_VERSION_MINOR}.${PRINT_VERSION_PATCH}.${PRINT_VERSION_TWEAK})
+set(PRINT_VERSION_STRING "v${PRINT_VERSION}")
 
 add_library(print STATIC ${CMAKE_CURRENT_SOURCE_DIR}/sources/print.cpp)
 
vladislav@vladislav-911X:~/StariiShmix/workspace/projects/lab06$ touch DESCRIPTION && edit DESCRIPTION
vladislav@vladislav-911X:~/StariiShmix/workspace/projects/lab06$ touch ChangeLog.md
vladislav@vladislav-911X:~/StariiShmix/workspace/projects/lab06$ export DATE="`LANG=en_US date +'%a %b %d %Y'`"
vladislav@vladislav-911X:~/StariiShmix/workspace/projects/lab06$ cat > ChangeLog.md <<EOF
> * ${DATE} ${GITHUB_USERNAME} <${GITHUB_EMAIL}> 0.1.0.0
> - Initial RPM release
> EOF
vladislav@vladislav-911X:~/StariiShmix/workspace/projects/lab06$ cat > CPackConfig.cmake <<EOF
> include(InstallRequiredSystemLibraries)
> EOF
vladislav@vladislav-911X:~/StariiShmix/workspace/projects/lab06$ cat >> CPackConfig.cmake <<EOF
> set(CPACK_PACKAGE_CONTACT ${GITHUB_EMAIL})
set(CPACK_PACKAGE_VERSION_MAJOR \${PRINT_VERSION_MAJOR})
set(CPACK_PACKAGE_VERSION_MINOR \${PRINT_VERSION_MINOR})
set(CPACK_PACKAGE_VERSION_PATCH \${PRINT_VERSION_PATCH})
set(CPACK_PACKAGE_VERSION_TWEAK \${PRINT_VERSION_TWEAK})
set(CPACK_PACKAGE_VERSION \${PRINT_VERSION})
set(CPACK_PACKAGE_DESCRIPTION_FILE \${CMAKE_CURRENT_SOURCE_DIR}/DESCRIPTION)
set(CPACK_PACKAGE_DESCRIPTION_SUMMARY "static C++ library for printing")
> EOF
vladislav@vladislav-911X:~/StariiShmix/workspace/projects/lab06$ cat >> CPackConfig.cmake <<EOF
> set(CPACK_RESOURCE_FILE_LICENSE \${CMAKE_CURRENT_SOURCE_DIR}/LICENSE)
set(CPACK_RESOURCE_FILE_README \${CMAKE_CURRENT_SOURCE_DIR}/README.md)
> EOF
vladislav@vladislav-911X:~/StariiShmix/workspace/projects/lab06$ cat >> CPackConfig.cmake <<EOF
> set(CPACK_RPM_PACKAGE_NAME "print-devel")
set(CPACK_RPM_PACKAGE_LICENSE "MIT")
set(CPACK_RPM_PACKAGE_GROUP "print")
set(CPACK_RPM_CHANGELOG_FILE \${CMAKE_CURRENT_SOURCE_DIR}/ChangeLog.md)
set(CPACK_RPM_PACKAGE_RELEASE 1)
> EOF
vladislav@vladislav-911X:~/StariiShmix/workspace/projects/lab06$ cat >> CPackConfig.cmake <<EOF
> set(CPACK_DEBIAN_PACKAGE_NAME "libprint-dev")
set(CPACK_DEBIAN_PACKAGE_PREDEPENDS "cmake >= 3.0")
set(CPACK_DEBIAN_PACKAGE_RELEASE 1)
> EOF
vladislav@vladislav-911X:~/StariiShmix/workspace/projects/lab06$ cat >> CPackConfig.cmake <<EOF
> include(CPack)
> EOF
vladislav@vladislav-911X:~/StariiShmix/workspace/projects/lab06$ $ cat >> CMakeLists.txt <<EOF
> include(CPackConfig.cmake)
> EOF
$: command not found
vladislav@vladislav-911X:~/StariiShmix/workspace/projects/lab06$ $ cat >> CMakeLists.txt <<EOF
include(CPackConfig.cmake)
EOF
$: command not found
vladislav@vladislav-911X:~/StariiShmix/workspace/projects/lab06$ gsed -i 's/lab05/lab06/g' README.md
vladislav@vladislav-911X:~/StariiShmix/workspace/projects/lab06$ git add .
vladislav@vladislav-911X:~/StariiShmix/workspace/projects/lab06$ git commit -m"added cpack config"
[main c6cc503] added cpack config
 4 files changed, 28 insertions(+)
 create mode 100644 CPackConfig.cmake
 create mode 100644 ChangeLog.md
 create mode 100644 DESCRIPTION
vladislav@vladislav-911X:~/StariiShmix/workspace/projects/lab06$ git tag v0.1.0.0
vladislav@vladislav-911X:~/StariiShmix/workspace/projects/lab06$ git push origin master --tags
error: src refspec master does not match any
error: failed to push some refs to 'https://github.com/StariiShmix/lab06'
vladislav@vladislav-911X:~/StariiShmix/workspace/projects/lab06$ git push origin main --tags
Username for 'https://github.com': StariiShmix
Password for 'https://StariiShmix@github.com': 
Enumerating objects: 39, done.
Counting objects: 100% (39/39), done.
Delta compression using up to 16 threads
Compressing objects: 100% (24/24), done.
Writing objects: 100% (39/39), 21.42 KiB | 5.35 MiB/s, done.
Total 39 (delta 10), reused 32 (delta 8), pack-reused 0
remote: Resolving deltas: 100% (10/10), done.
To https://github.com/StariiShmix/lab06
 * [new branch]      main -> main
 * [new tag]         v0.1.0.0 -> v0.1.0.0
vladislav@vladislav-911X:~/StariiShmix/workspace/projects/lab06$ cmake -H. -B_build
CMake Deprecation Warning at CMakeLists.txt:1 (cmake_minimum_required):
  Compatibility with CMake < 3.5 will be removed from a future version of
  CMake.

  Update the VERSION argument <min> value or use a ...<max> suffix to tell
  CMake that the project does not need compatibility with older versions.


-- The C compiler identification is GNU 13.3.0
-- The CXX compiler identification is GNU 13.3.0
-- Detecting C compiler ABI info
-- Detecting C compiler ABI info - done
-- Check for working C compiler: /usr/bin/cc - skipped
-- Detecting C compile features
-- Detecting C compile features - done
-- Detecting CXX compiler ABI info
-- Detecting CXX compiler ABI info - done
-- Check for working CXX compiler: /usr/bin/c++ - skipped
-- Detecting CXX compile features
-- Detecting CXX compile features - done
-- Configuring done (0.4s)
-- Generating done (0.0s)
-- Build files have been written to: /home/vladislav/StariiShmix/workspace/projects/lab06/_build
vladislav@vladislav-911X:~/StariiShmix/workspace/projects/lab06$ cmake --build _build
[ 50%] Building CXX object CMakeFiles/print.dir/sources/print.cpp.o
[100%] Linking CXX static library libprint.a
[100%] Built target print
vladislav@vladislav-911X:~/StariiShmix/workspace/projects/lab06$ cd _build
vladislav@vladislav-911X:~/StariiShmix/workspace/projects/lab06/_build$ cpack -G "TGZ"
CPack Error: CPack project name not specified
vladislav@vladislav-911X:~/StariiShmix/workspace/projects/lab06/_build$ nano CMakeLists.txt
vladislav@vladislav-911X:~/StariiShmix/workspace/projects/lab06/_build$ nano CMakeLists.txt
vladislav@vladislav-911X:~/StariiShmix/workspace/projects/lab06/_build$ cpack -G "TGZ"
CPack Error: CPack project name not specified
vladislav@vladislav-911X:~/StariiShmix/workspace/projects/lab06/_build$ nano CMakeLists.txt
vladislav@vladislav-911X:~/StariiShmix/workspace/projects/lab06/_build$ cd ..
vladislav@vladislav-911X:~/StariiShmix/workspace/projects/lab06$ ls
 _build              DESCRIPTION  'procedure of action'   tests
 ChangeLog.md        examples      README.md              third-party
 CMakeLists.txt      include       REPORT
 CPackConfig.cmake   LICENSE       sources
vladislav@vladislav-911X:~/StariiShmix/workspace/projects/lab06$ nano CMakeLists.txt
vladislav@vladislav-911X:~/StariiShmix/workspace/projects/lab06$ cd _build
vladislav@vladislav-911X:~/StariiShmix/workspace/projects/lab06/_build$ cpack -G "TGZ"
CPack Error: CPack project name not specified
vladislav@vladislav-911X:~/StariiShmix/workspace/projects/lab06/_build$ cd ..
vladislav@vladislav-911X:~/StariiShmix/workspace/projects/lab06$ nano CMakeLists.txt
vladislav@vladislav-911X:~/StariiShmix/workspace/projects/lab06$ cd _build
vladislav@vladislav-911X:~/StariiShmix/workspace/projects/lab06/_build$ cmake -S . -B BUILD
CMake Warning (dev) in CMakeLists.txt:
  No project() command is present.  The top-level CMakeLists.txt file must
  contain a literal, direct call to the project() command.  Add a line of
  code such as

    project(ProjectName)

  near the top of the file, but after cmake_minimum_required().

  CMake is pretending there is a "project(Project)" command on the first
  line.
This warning is for project developers.  Use -Wno-dev to suppress it.

CMake Warning (dev) in CMakeLists.txt:
  cmake_minimum_required() should be called prior to this top-level project()
  call.  Please see the cmake-commands(7) manual for usage documentation of
  both commands.
This warning is for project developers.  Use -Wno-dev to suppress it.

-- The C compiler identification is GNU 13.3.0
-- The CXX compiler identification is GNU 13.3.0
-- Detecting C compiler ABI info
-- Detecting C compiler ABI info - done
-- Check for working C compiler: /usr/bin/cc - skipped
-- Detecting C compile features
-- Detecting C compile features - done
-- Detecting CXX compiler ABI info
-- Detecting CXX compiler ABI info - done
-- Check for working CXX compiler: /usr/bin/c++ - skipped
-- Detecting CXX compile features
-- Detecting CXX compile features - done
-- Configuring done (0.4s)
-- Generating done (0.0s)
-- Build files have been written to: /home/vladislav/StariiShmix/workspace/projects/lab06/_build/BUILD
vladislav@vladislav-911X:~/StariiShmix/workspace/projects/lab06/_build$ cmake --build build
Error: /home/vladislav/StariiShmix/workspace/projects/lab06/_build/build is not a directory
vladislav@vladislav-911X:~/StariiShmix/workspace/projects/lab06/_build$ ls
BUILD  CMakeCache.txt  CMakeFiles  cmake_install.cmake  CMakeLists.txt  libprint.a  Makefile
vladislav@vladislav-911X:~/StariiShmix/workspace/projects/lab06/_build$ cd build
bash: cd: build: No such file or directory
vladislav@vladislav-911X:~/StariiShmix/workspace/projects/lab06/_build$ cpack -G DEB
CPack Error: CPack project name not specified
vladislav@vladislav-911X:~/StariiShmix/workspace/projects/lab06/_build$ CD ..
CD: command not found
vladislav@vladislav-911X:~/StariiShmix/workspace/projects/lab06/_build$ cd ..
vladislav@vladislav-911X:~/StariiShmix/workspace/projects/lab06$ cmake -S . -B build
CMake Deprecation Warning at CMakeLists.txt:1 (cmake_minimum_required):
  Compatibility with CMake < 3.5 will be removed from a future version of
  CMake.

  Update the VERSION argument <min> value or use a ...<max> suffix to tell
  CMake that the project does not need compatibility with older versions.


-- The C compiler identification is GNU 13.3.0
-- The CXX compiler identification is GNU 13.3.0
-- Detecting C compiler ABI info
-- Detecting C compiler ABI info - done
-- Check for working C compiler: /usr/bin/cc - skipped
-- Detecting C compile features
-- Detecting C compile features - done
-- Detecting CXX compiler ABI info
-- Detecting CXX compiler ABI info - done
-- Check for working CXX compiler: /usr/bin/c++ - skipped
-- Detecting CXX compile features
-- Detecting CXX compile features - done
-- Configuring done (0.6s)
-- Generating done (0.0s)
-- Build files have been written to: /home/vladislav/StariiShmix/workspace/projects/lab06/build
vladislav@vladislav-911X:~/StariiShmix/workspace/projects/lab06$ cmake --build build
[ 50%] Building CXX object CMakeFiles/print.dir/sources/print.cpp.o
[100%] Linking CXX static library libprint.a
[100%] Built target print
vladislav@vladislav-911X:~/StariiShmix/workspace/projects/lab06$ cpack --config build/<project_name>Config.cmake -G DEB
bash: project_name: No such file or directory
vladislav@vladislav-911X:~/StariiShmix/workspace/projects/lab06$ cpack --config build/<lab06>Config.cmake -G DEB
bash: lab06: No such file or directory
vladislav@vladislav-911X:~/StariiShmix/workspace/projects/lab06$ cpack --config build/<build>Config.cmake -G DEB
CPack Error: Problem reading CPack config file: "/home/vladislav/StariiShmix/workspace/projects/lab06/build"
vladislav@vladislav-911X:~/StariiShmix/workspace/projects/lab06$ cd _build
vladislav@vladislav-911X:~/StariiShmix/workspace/projects/lab06/_build$ cpack --config build/<project_name>Config.cmake -G DEB
bash: project_name: No such file or directory
vladislav@vladislav-911X:~/StariiShmix/workspace/projects/lab06/_build$ cd ..
vladislav@vladislav-911X:~/StariiShmix/workspace/projects/lab06$ cpack -G "TGZ"
CMake Error at /usr/share/cmake-3.28/Modules/CPack.cmake:685 (message):
  CPack package description file: "/DESCRIPTION" could not be found.
Call Stack (most recent call first):
  /usr/share/cmake-3.28/Modules/CPack.cmake:689 (cpack_check_file_exists)
  /home/vladislav/StariiShmix/workspace/projects/lab06/CPackConfig.cmake:20 (include)


CMake Error at /usr/share/cmake-3.28/Modules/CPack.cmake:685 (message):
  CPack license resource file: "/LICENSE" could not be found.
Call Stack (most recent call first):
  /usr/share/cmake-3.28/Modules/CPack.cmake:690 (cpack_check_file_exists)
  /home/vladislav/StariiShmix/workspace/projects/lab06/CPackConfig.cmake:20 (include)


CMake Error at /usr/share/cmake-3.28/Modules/CPack.cmake:685 (message):
  CPack readme resource file: "/README.md" could not be found.
Call Stack (most recent call first):
  /usr/share/cmake-3.28/Modules/CPack.cmake:691 (cpack_check_file_exists)
  /home/vladislav/StariiShmix/workspace/projects/lab06/CPackConfig.cmake:20 (include)


CMake Error: Could not open file for write in copy operation /CPackConfig.cmake.tmp
CMake Error: : System Error: Permission denied
CMake Error at /usr/share/cmake-3.28/Modules/CPack.cmake:926 (configure_file):
  configure_file Problem configuring file
Call Stack (most recent call first):
  /home/vladislav/StariiShmix/workspace/projects/lab06/CPackConfig.cmake:20 (include)


CMake Error: Could not open file for write in copy operation /CPackSourceConfig.cmake.tmp
CMake Error: : System Error: Permission denied
CMake Error at /usr/share/cmake-3.28/Modules/CPack.cmake:954 (configure_file):
  configure_file Problem configuring file
Call Stack (most recent call first):
  /home/vladislav/StariiShmix/workspace/projects/lab06/CPackConfig.cmake:20 (include)


CPack Error: Cannot initialize the generator TGZ
vladislav@vladislav-911X:~/StariiShmix/workspace/projects/lab06$ cd _build
vladislav@vladislav-911X:~/StariiShmix/workspace/projects/lab06/_build$ cpack -G "TGZ"
CPack Error: CPack project name not specified
vladislav@vladislav-911X:~/StariiShmix/workspace/projects/lab06/_build$ cd ..
vladislav@vladislav-911X:~/StariiShmix/workspace/projects/lab06$ nano CMakeLists.txt
vladislav@vladislav-911X:~/StariiShmix/workspace/projects/lab06$ cd _build
vladislav@vladislav-911X:~/StariiShmix/workspace/projects/lab06/_build$ cpack -G "TGZ"
CPack Error: CPack project name not specified
vladislav@vladislav-911X:~/StariiShmix/workspace/projects/lab06/_build$ cd ..
vladislav@vladislav-911X:~/StariiShmix/workspace/projects/lab06$ rm -rf build && mkdir build && cd build
vladislav@vladislav-911X:~/StariiShmix/workspace/projects/lab06/build$ cmake .. -DCMAKE_BUILD_TYPE=Release
CMake Deprecation Warning at CMakeLists.txt:1 (cmake_minimum_required):
  Compatibility with CMake < 3.5 will be removed from a future version of
  CMake.

  Update the VERSION argument <min> value or use a ...<max> suffix to tell
  CMake that the project does not need compatibility with older versions.


-- The C compiler identification is GNU 13.3.0
-- The CXX compiler identification is GNU 13.3.0
-- Detecting C compiler ABI info
-- Detecting C compiler ABI info - done
-- Check for working C compiler: /usr/bin/cc - skipped
-- Detecting C compile features
-- Detecting C compile features - done
-- Detecting CXX compiler ABI info
-- Detecting CXX compiler ABI info - done
-- Check for working CXX compiler: /usr/bin/c++ - skipped
-- Detecting CXX compile features
-- Detecting CXX compile features - done
-- Configuring done (0.4s)
-- Generating done (0.0s)
-- Build files have been written to: /home/vladislav/StariiShmix/workspace/projects/lab06/build
vladislav@vladislav-911X:~/StariiShmix/workspace/projects/lab06/build$ cmake --build .
[ 50%] Building CXX object CMakeFiles/print.dir/sources/print.cpp.o
[100%] Linking CXX static library libprint.a
[100%] Built target print
vladislav@vladislav-911X:~/StariiShmix/workspace/projects/lab06/build$ cpack -G "TGZ"
CPack: Create package using TGZ
CPack: Install projects
CPack: - Run preinstall target for: print
CPack: - Install project: print []
CPack: Create package
CPack: - package: /home/vladislav/StariiShmix/workspace/projects/lab06/build/print-0.1.1-Linux.tar.gz generated.
vladislav@vladislav-911X:~/StariiShmix/workspace/projects/lab06/build$ cd _build
bash: cd: _build: No such file or directory
vladislav@vladislav-911X:~/StariiShmix/workspace/projects/lab06/build$ cmake -H. -B_build -DCPACK_GENERATOR="TGZ"
CMake Error: The source directory "/home/vladislav/StariiShmix/workspace/projects/lab06/build" does not appear to contain CMakeLists.txt.
Specify --help for usage, or press the help button on the CMake GUI.
vladislav@vladislav-911X:~/StariiShmix/workspace/projects/lab06/build$ mkdir -p build && cd build
vladislav@vladislav-911X:~/StariiShmix/workspace/projects/lab06/build/build$ cd ..
vladislav@vladislav-911X:~/StariiShmix/workspace/projects/lab06/build$ cmake ..
CMake Deprecation Warning at CMakeLists.txt:1 (cmake_minimum_required):
  Compatibility with CMake < 3.5 will be removed from a future version of
  CMake.

  Update the VERSION argument <min> value or use a ...<max> suffix to tell
  CMake that the project does not need compatibility with older versions.


-- Configuring done (0.0s)
-- Generating done (0.0s)
-- Build files have been written to: /home/vladislav/StariiShmix/workspace/projects/lab06/build
vladislav@vladislav-911X:~/StariiShmix/workspace/projects/lab06/build$ cmake --build .
[100%] Built target print
vladislav@vladislav-911X:~/StariiShmix/workspace/projects/lab06/build$ cmake -H. -B_build -DCPACK_GENERATOR="TGZ"
CMake Error: The source directory "/home/vladislav/StariiShmix/workspace/projects/lab06/build" does not appear to contain CMakeLists.txt.
Specify --help for usage, or press the help button on the CMake GUI.
vladislav@vladislav-911X:~/StariiShmix/workspace/projects/lab06/build$ cd ..
vladislav@vladislav-911X:~/StariiShmix/workspace/projects/lab06$ ls
 _build   build   ChangeLog.md   CMakeLists.txt   Config.cmake   CPackConfig.cmake   DESCRIPTION   examples   include   LICENSE  'procedure of action'   README.md   REPORT   sources   tests   third-party
vladislav@vladislav-911X:~/StariiShmix/workspace/projects/lab06$ cd _build
vladislav@vladislav-911X:~/StariiShmix/workspace/projects/lab06/_build$ cmake ..
CMake Deprecation Warning at CMakeLists.txt:1 (cmake_minimum_required):
  Compatibility with CMake < 3.5 will be removed from a future version of
  CMake.

  Update the VERSION argument <min> value or use a ...<max> suffix to tell
  CMake that the project does not need compatibility with older versions.


-- Configuring done (0.0s)
-- Generating done (0.0s)
-- Build files have been written to: /home/vladislav/StariiShmix/workspace/projects/lab06/_build
vladislav@vladislav-911X:~/StariiShmix/workspace/projects/lab06/_build$ cmake -- build .
CMake Error: Unknown argument --
CMake Error: Run 'cmake --help' for all supported options.
vladislav@vladislav-911X:~/StariiShmix/workspace/projects/lab06/_build$ cmake --build .
[100%] Built target print
vladislav@vladislav-911X:~/StariiShmix/workspace/projects/lab06/_build$ cd ..
vladislav@vladislav-911X:~/StariiShmix/workspace/projects/lab06$ cmake -H. -B_build -DCPACK_GENERATOR="TGZ"
CMake Deprecation Warning at CMakeLists.txt:1 (cmake_minimum_required):
  Compatibility with CMake < 3.5 will be removed from a future version of
  CMake.

  Update the VERSION argument <min> value or use a ...<max> suffix to tell
  CMake that the project does not need compatibility with older versions.


-- Configuring done (0.0s)
-- Generating done (0.0s)
-- Build files have been written to: /home/vladislav/StariiShmix/workspace/projects/lab06/_build
vladislav@vladislav-911X:~/StariiShmix/workspace/projects/lab06$ cmake --build _build --target package
[100%] Built target print
Run CPack packaging tool...
CPack: Create package using TGZ
CPack: Install projects
CPack: - Run preinstall target for: print
CPack: - Install project: print []
CPack: Create package
CPack: - package: /home/vladislav/StariiShmix/workspace/projects/lab06/_build/print-0.1.1-Linux.tar.gz generated.
vladislav@vladislav-911X:~/StariiShmix/workspace/projects/lab06$ mkdir artifacts
vladislav@vladislav-911X:~/StariiShmix/workspace/projects/lab06$ mv _build/*.tar.gz artifacts
vladislav@vladislav-911X:~/StariiShmix/workspace/projects/lab06$ tree artifacts
artifacts
└── print-0.1.1-Linux.tar.gz

1 directory, 1 file
vladislav@vladislav-911X:~/StariiShmix/workspace/projects/lab06$ 
