vladislav@vladislav-911X:~$ export GITHUB_USERNAME=StariiShmix
vladislav@vladislav-911X:~$ cd ${GITHUB_USERNAME}/workspace
vladislav@vladislav-911X:~/StariiShmix/workspace$ pushd .
~/StariiShmix/workspace ~/StariiShmix/workspace
vladislav@vladislav-911X:~/StariiShmix/workspace$ source scripts/activate
vladislav@vladislav-911X:~/StariiShmix/workspace$ \curl -sSL https://get.rvm.io | bash -s -- --ignore-dotfiles
Turning on ignore dotfiles mode.
Downloading https://github.com/rvm/rvm/archive/master.tar.gz
Upgrading the RVM installation in /home/vladislav/.rvm/
Upgrade of RVM in /home/vladislav/.rvm/ is complete.

Thanks for installing RVM ðŸ™
Please consider donating to our open collective to help us maintain RVM.

ðŸ‘‰  Donate: https://opencollective.com/rvm/donate


vladislav@vladislav-911X:~/StariiShmix/workspace$ echo "source $HOME/.rvm/scripts/rvm" >> scripts/activate
vladislav@vladislav-911X:~/StariiShmix/workspace$ . scripts/activate
vladislav@vladislav-911X:~/StariiShmix/workspace$ rvm autolibs disable
RVM version 1.29.12-next (master) is installed, yet version 1.29.12 (latest) is loaded.

Please open a new shell or run one of the following commands:

    rvm reload
    echo rvm_auto_reload_flag=1 >> ~/.rvmrc # OR for auto reload with msg
    echo rvm_auto_reload_flag=2 >> ~/.rvmrc # OR for silent auto reload

vladislav@vladislav-911X:~/StariiShmix/workspace$ rvm reload
RVM reloaded!
vladislav@vladislav-911X:~/StariiShmix/workspace$ ruby -v
ruby 3.2.3 (2024-01-18 revision 52bb2ac0a6) [x86_64-linux-gnu]
vladislav@vladislav-911X:~/StariiShmix/workspace$ travis -v
Shell completion not installed. Would you like to install it now? |y| y
1.14.0
vladislav@vladislav-911X:~/StariiShmix/workspace$ travis -v
1.14.0
vladislav@vladislav-911X:~/StariiShmix/workspace$ git clone https://github.com/${GITHUB_USERNAME}/lab03 projects/lab04
fatal: destination path 'projects/lab04' already exists and is not an empty directory.
vladislav@vladislav-911X:~/StariiShmix/workspace$ rm -rf projects/lab04 
vladislav@vladislav-911X:~/StariiShmix/workspace$ git clone https://github.com/${GITHUB_USERNAME}/lab03 projects/lab04
Cloning into 'projects/lab04'...
remote: Enumerating objects: 14, done.
remote: Counting objects: 100% (14/14), done.
remote: Compressing objects: 100% (10/10), done.
remote: Total 14 (delta 0), reused 14 (delta 0), pack-reused 0 (from 0)
Receiving objects: 100% (14/14), 7.45 KiB | 7.45 MiB/s, done.
vladislav@vladislav-911X:~/StariiShmix/workspace$ cd projects/lab04
vladislav@vladislav-911X:~/StariiShmix/workspace/projects/lab04$ git remote remove origin
vladislav@vladislav-911X:~/StariiShmix/workspace/projects/lab04$ git remote add origin https://github.com/${GITHUB_USERNAME}/lab04
vladislav@vladislav-911X:~/StariiShmix/workspace/projects/lab04$ cat >> .travis.yml <<EOF
> addons:
  apt:
    sources:
      - george-edison55-precise-backports
    packages:
      - cmake
      - cmake-data
> EOF
vladislav@vladislav-911X:~/StariiShmix/workspace/projects/lab04$ travis lint
not logged in, please run travis login
vladislav@vladislav-911X:~/StariiShmix/workspace/projects/lab04$ travis login --github-token ${GITHUB_TOKEN}
missing argument: --github-token
vladislav@vladislav-911X:~/StariiShmix/workspace/projects/lab04$ cat > .travis.yml <<EOF
> language: cpp
> EOF
vladislav@vladislav-911X:~/StariiShmix/workspace/projects/lab04$ cat >> .travis.yml <<EOF
> script:
- cmake -H. -B_build -DCMAKE_INSTALL_PREFIX=_install
- cmake --build _build
- cmake --build _build --target install
> EOF
vladislav@vladislav-911X:~/StariiShmix/workspace/projects/lab04$ ex -sc '1i|<Ñ„Ñ€Ð°Ð³Ð¼ÐµÐ½Ñ‚_Ð²ÑÑ‚Ð°Ð²ÐºÐ¸_Ð·Ð½Ð°Ñ‡ÐºÐ°>' -cx README.md
vladislav@vladislav-911X:~/StariiShmix/workspace/projects/lab04$ git add .travis.yml
vladislav@vladislav-911X:~/StariiShmix/workspace/projects/lab04$ git add README.md
vladislav@vladislav-911X:~/StariiShmix/workspace/projects/lab04$ git commit -m"added CI"
[main 04b4dac] added CI
 2 files changed, 6 insertions(+)
 create mode 100644 .travis.yml
vladislav@vladislav-911X:~/StariiShmix/workspace/projects/lab04$ git push origin master
error: src refspec master does not match any
error: failed to push some refs to 'https://github.com/StariiShmix/lab04'
vladislav@vladislav-911X:~/StariiShmix/workspace/projects/lab04$ git push origin main
Username for 'https://github.com': StariiShmix
Password for 'https://StariiShmix@github.com': 
Enumerating objects: 18, done.
Counting objects: 100% (18/18), done.
Delta compression using up to 16 threads
Compressing objects: 100% (13/13), done.
Writing objects: 100% (18/18), 7.84 KiB | 7.84 MiB/s, done.
Total 18 (delta 1), reused 13 (delta 0), pack-reused 0
remote: Resolving deltas: 100% (1/1), done.
To https://github.com/StariiShmix/lab04
 * [new branch]      main -> main
